../Drivers/CMSIS/Include/core_cm4.h:2064:26:ITM_SendChar	16	static,ignoring_inline_asm
../Core/Src/main.c:48:5:main	8	static
../Core/Src/main.c:96:6:sendCommand	16	static
../Core/Src/main.c:108:6:HAL_UART_RxCpltCallback	24	static
../Core/Src/main.c:134:6:SystemClock_Config	88	static
../Core/Src/main.c:175:13:MX_USART1_UART_Init	8	static
../Core/Src/main.c:196:13:MX_USART2_UART_Init	8	static
../Core/Src/main.c:217:13:MX_GPIO_Init	48	static
../Core/Src/main.c:244:6:Error_Handler	4	static,ignoring_inline_asm
../Core/Src/main.c:252:5:_write	32	static
