../Drivers/CMSIS/Include/core_cm4.h:1816:22:__NVIC_SetPriority	16	static
../Drivers/CMSIS/Include/core_cm4.h:2022:26:SysTick_Config	16	static
../Core/Src/main.c:57:6:SysTick_Init	16	static
../Core/Src/main.c:76:5:main	8	static
../Core/Src/main.c:118:6:delay_us	16	static
../Core/Src/main.c:128:6:delay_ns	24	static
../Core/Src/main.c:142:6:SysTick_Handler	8	static
../Core/Src/main.c:157:6:SystemClock_Config	88	static
../Core/Src/main.c:202:13:MX_TIM2_Init	32	static
../Core/Src/main.c:244:13:MX_USART2_UART_Init	8	static
../Core/Src/main.c:275:13:MX_GPIO_Init	48	static
../Core/Src/main.c:310:6:Error_Handler	4	static,ignoring_inline_asm
