../Core/Src/main.c:82:5:main	8	static
../Core/Src/main.c:127:6:lcd_send_cmd	32	static
../Core/Src/main.c:139:6:lcd_send_data	32	static
../Core/Src/main.c:151:6:lcd_init	8	static
../Core/Src/main.c:159:6:lcd_send_string	16	static
../Core/Src/main.c:164:6:set_time	32	static
../Core/Src/main.c:188:6:get_time	40	static
../Core/Src/main.c:202:6:display_time	8	static
../Core/Src/main.c:213:6:SystemClock_Config	88	static
../Core/Src/main.c:263:13:MX_I2C1_Init	8	static
../Core/Src/main.c:297:13:MX_RTC_Init	32	static
../Core/Src/main.c:360:13:MX_GPIO_Init	48	static
../Core/Src/main.c:390:6:Error_Handler	4	static,ignoring_inline_asm
