../Drivers/CMSIS/Include/core_cm4.h:2064:26:ITM_SendChar	16	static,ignoring_inline_asm
/opt/st/stm32cubeide_1.11.0/plugins/com.st.stm32cube.ide.mcu.externaltools.gnu-tools-for-stm32.10.3-2021.10.linux64_1.0.100.202210260954/tools/arm-none-eabi/include/stdio.h:214:5:fputc	16	static
../Core/Src/main.c:80:5:main	16	static
../Core/Src/main.c:141:6:SystemClock_Config	88	static
../Core/Src/main.c:189:13:MX_TIM6_Init	16	static
../Core/Src/main.c:227:13:MX_USART2_UART_Init	8	static
../Core/Src/main.c:260:13:MX_GPIO_Init	48	static
../Core/Src/main.c:293:5:_write	32	static
../Core/Src/main.c:310:6:Error_Handler	4	static,ignoring_inline_asm
