../Drivers/CMSIS/Include/core_cm4.h:2064:26:ITM_SendChar	16	static,ignoring_inline_asm
/opt/st/stm32cubeide_1.11.0/plugins/com.st.stm32cube.ide.mcu.externaltools.gnu-tools-for-stm32.10.3-2021.10.linux64_1.0.100.202210260954/tools/arm-none-eabi/include/stdio.h:214:5:fputc	16	static
../Core/Src/main.c:83:5:main	72	static
../Core/Src/main.c:156:5:_write	32	static
../Core/Src/main.c:171:6:SystemClock_Config	88	static
../Core/Src/main.c:219:13:MX_USART2_UART_Init	8	static
../Core/Src/main.c:252:13:MX_GPIO_Init	48	static
../Core/Src/main.c:291:6:LedFun	16	static
../Core/Src/main.c:310:6:SwitchFun	16	static
../Core/Src/main.c:343:6:HAL_TIM_PeriodElapsedCallback	16	static
../Core/Src/main.c:360:6:Error_Handler	4	static,ignoring_inline_asm
