Archive member included to satisfy reference by file (symbol)

/opt/st/stm32cubeide_1.11.0/plugins/com.st.stm32cube.ide.mcu.externaltools.gnu-tools-for-stm32.10.3-2021.10.linux64_1.0.100.202210260954/tools/bin/../lib/gcc/arm-none-eabi/10.3.1/../../../../arm-none-eabi/lib/thumb/v7e-m+fp/hard/libc_nano.a(lib_a-errno.o)
                              ./Core/Src/syscalls.o (__errno)
/opt/st/stm32cubeide_1.11.0/plugins/com.st.stm32cube.ide.mcu.externaltools.gnu-tools-for-stm32.10.3-2021.10.linux64_1.0.100.202210260954/tools/bin/../lib/gcc/arm-none-eabi/10.3.1/../../../../arm-none-eabi/lib/thumb/v7e-m+fp/hard/libc_nano.a(lib_a-exit.o)
                              /opt/st/stm32cubeide_1.11.0/plugins/com.st.stm32cube.ide.mcu.externaltools.gnu-tools-for-stm32.10.3-2021.10.linux64_1.0.100.202210260954/tools/bin/../lib/gcc/arm-none-eabi/10.3.1/../../../../arm-none-eabi/lib/thumb/v7e-m+fp/hard/crt0.o (exit)
/opt/st/stm32cubeide_1.11.0/plugins/com.st.stm32cube.ide.mcu.externaltools.gnu-tools-for-stm32.10.3-2021.10.linux64_1.0.100.202210260954/tools/bin/../lib/gcc/arm-none-eabi/10.3.1/../../../../arm-none-eabi/lib/thumb/v7e-m+fp/hard/libc_nano.a(lib_a-impure.o)
                              /opt/st/stm32cubeide_1.11.0/plugins/com.st.stm32cube.ide.mcu.externaltools.gnu-tools-for-stm32.10.3-2021.10.linux64_1.0.100.202210260954/tools/bin/../lib/gcc/arm-none-eabi/10.3.1/../../../../arm-none-eabi/lib/thumb/v7e-m+fp/hard/libc_nano.a(lib_a-exit.o) (_global_impure_ptr)
/opt/st/stm32cubeide_1.11.0/plugins/com.st.stm32cube.ide.mcu.externaltools.gnu-tools-for-stm32.10.3-2021.10.linux64_1.0.100.202210260954/tools/bin/../lib/gcc/arm-none-eabi/10.3.1/../../../../arm-none-eabi/lib/thumb/v7e-m+fp/hard/libc_nano.a(lib_a-init.o)
                              /opt/st/stm32cubeide_1.11.0/plugins/com.st.stm32cube.ide.mcu.externaltools.gnu-tools-for-stm32.10.3-2021.10.linux64_1.0.100.202210260954/tools/bin/../lib/gcc/arm-none-eabi/10.3.1/../../../../arm-none-eabi/lib/thumb/v7e-m+fp/hard/crt0.o (__libc_init_array)
/opt/st/stm32cubeide_1.11.0/plugins/com.st.stm32cube.ide.mcu.externaltools.gnu-tools-for-stm32.10.3-2021.10.linux64_1.0.100.202210260954/tools/bin/../lib/gcc/arm-none-eabi/10.3.1/../../../../arm-none-eabi/lib/thumb/v7e-m+fp/hard/libc_nano.a(lib_a-memset.o)
                              /opt/st/stm32cubeide_1.11.0/plugins/com.st.stm32cube.ide.mcu.externaltools.gnu-tools-for-stm32.10.3-2021.10.linux64_1.0.100.202210260954/tools/bin/../lib/gcc/arm-none-eabi/10.3.1/../../../../arm-none-eabi/lib/thumb/v7e-m+fp/hard/crt0.o (memset)
/opt/st/stm32cubeide_1.11.0/plugins/com.st.stm32cube.ide.mcu.externaltools.gnu-tools-for-stm32.10.3-2021.10.linux64_1.0.100.202210260954/tools/bin/../lib/gcc/arm-none-eabi/10.3.1/thumb/v7e-m+fp/hard/libgcc.a(_arm_muldf3.o)
                              ./Core/Src/main.o (__aeabi_dmul)
/opt/st/stm32cubeide_1.11.0/plugins/com.st.stm32cube.ide.mcu.externaltools.gnu-tools-for-stm32.10.3-2021.10.linux64_1.0.100.202210260954/tools/bin/../lib/gcc/arm-none-eabi/10.3.1/thumb/v7e-m+fp/hard/libgcc.a(_arm_addsubdf3.o)
                              ./Core/Src/main.o (__aeabi_i2d)
/opt/st/stm32cubeide_1.11.0/plugins/com.st.stm32cube.ide.mcu.externaltools.gnu-tools-for-stm32.10.3-2021.10.linux64_1.0.100.202210260954/tools/bin/../lib/gcc/arm-none-eabi/10.3.1/thumb/v7e-m+fp/hard/libgcc.a(_aeabi_uldivmod.o)
                              ./Drivers/STM32F4xx_HAL_Driver/Src/stm32f4xx_hal_rcc.o (__aeabi_uldivmod)
/opt/st/stm32cubeide_1.11.0/plugins/com.st.stm32cube.ide.mcu.externaltools.gnu-tools-for-stm32.10.3-2021.10.linux64_1.0.100.202210260954/tools/bin/../lib/gcc/arm-none-eabi/10.3.1/thumb/v7e-m+fp/hard/libgcc.a(_udivmoddi4.o)
                              /opt/st/stm32cubeide_1.11.0/plugins/com.st.stm32cube.ide.mcu.externaltools.gnu-tools-for-stm32.10.3-2021.10.linux64_1.0.100.202210260954/tools/bin/../lib/gcc/arm-none-eabi/10.3.1/thumb/v7e-m+fp/hard/libgcc.a(_aeabi_uldivmod.o) (__udivmoddi4)
/opt/st/stm32cubeide_1.11.0/plugins/com.st.stm32cube.ide.mcu.externaltools.gnu-tools-for-stm32.10.3-2021.10.linux64_1.0.100.202210260954/tools/bin/../lib/gcc/arm-none-eabi/10.3.1/thumb/v7e-m+fp/hard/libgcc.a(_dvmd_tls.o)
                              /opt/st/stm32cubeide_1.11.0/plugins/com.st.stm32cube.ide.mcu.externaltools.gnu-tools-for-stm32.10.3-2021.10.linux64_1.0.100.202210260954/tools/bin/../lib/gcc/arm-none-eabi/10.3.1/thumb/v7e-m+fp/hard/libgcc.a(_aeabi_uldivmod.o) (__aeabi_ldiv0)

Discarded input sections

 .text          0x0000000000000000        0x0 /opt/st/stm32cubeide_1.11.0/plugins/com.st.stm32cube.ide.mcu.externaltools.gnu-tools-for-stm32.10.3-2021.10.linux64_1.0.100.202210260954/tools/bin/../lib/gcc/arm-none-eabi/10.3.1/thumb/v7e-m+fp/hard/crti.o
 .data          0x0000000000000000        0x0 /opt/st/stm32cubeide_1.11.0/plugins/com.st.stm32cube.ide.mcu.externaltools.gnu-tools-for-stm32.10.3-2021.10.linux64_1.0.100.202210260954/tools/bin/../lib/gcc/arm-none-eabi/10.3.1/thumb/v7e-m+fp/hard/crti.o
[...]
Memory Configuration

Name             Origin             Length             Attributes
RAM              0x0000000020000000 0x0000000000020000 xrw
FLASH            0x0000000008000000 0x0000000000080000 xr
*default*        0x0000000000000000 0xffffffffffffffff

Linker script and memory map

LOAD /opt/st/stm32cubeide_1.11.0/plugins/com.st.stm32cube.ide.mcu.externaltools.gnu-tools-for-stm32.10.3-2021.10.linux64_1.0.100.202210260954/tools/bin/../lib/gcc/arm-none-eabi/10.3.1/thumb/v7e-m+fp/hard/crti.o
LOAD /opt/st/stm32cubeide_1.11.0/plugins/com.st.stm32cube.ide.mcu.externaltools.gnu-tools-for-stm32.10.3-2021.10.linux64_1.0.100.202210260954/tools/bin/../lib/gcc/arm-none-eabi/10.3.1/thumb/v7e-m+fp/hard/crtbegin.o
LOAD /opt/st/stm32cubeide_1.11.0/plugins/com.st.stm32cube.ide.mcu.externaltools.gnu-tools-for-stm32.10.3-2021.10.linux64_1.0.100.202210260954/tools/bin/../lib/gcc/arm-none-eabi/10.3.1/../../../../arm-none-eabi/lib/thumb/v7e-m+fp/hard/crt0.o
LOAD ./Core/Src/adxl345.o
LOAD ./Core/Src/i2c.o
LOAD ./Core/Src/main.o
LOAD ./Core/Src/spi.o
LOAD ./Core/Src/stm32f4xx_hal_msp.o
LOAD ./Core/Src/stm32f4xx_it.o
LOAD ./Core/Src/syscalls.o
LOAD ./Core/Src/sysmem.o
LOAD ./Core/Src/system_stm32f4xx.o
LOAD ./Core/Src/uart.o
LOAD ./Core/Startup/startup_stm32f446retx.o
LOAD ./Drivers/STM32F4xx_HAL_Driver/Src/stm32f4xx_hal.o
LOAD ./Drivers/STM32F4xx_HAL_Driver/Src/stm32f4xx_hal_cortex.o
LOAD ./Drivers/STM32F4xx_HAL_Driver/Src/stm32f4xx_hal_dma.o
LOAD ./Drivers/STM32F4xx_HAL_Driver/Src/stm32f4xx_hal_dma_ex.o
LOAD ./Drivers/STM32F4xx_HAL_Driver/Src/stm32f4xx_hal_exti.o
LOAD ./Drivers/STM32F4xx_HAL_Driver/Src/stm32f4xx_hal_flash.o
LOAD ./Drivers/STM32F4xx_HAL_Driver/Src/stm32f4xx_hal_flash_ex.o
LOAD ./Drivers/STM32F4xx_HAL_Driver/Src/stm32f4xx_hal_flash_ramfunc.o
LOAD ./Drivers/STM32F4xx_HAL_Driver/Src/stm32f4xx_hal_gpio.o
LOAD ./Drivers/STM32F4xx_HAL_Driver/Src/stm32f4xx_hal_pwr.o
LOAD ./Drivers/STM32F4xx_HAL_Driver/Src/stm32f4xx_hal_pwr_ex.o
LOAD ./Drivers/STM32F4xx_HAL_Driver/Src/stm32f4xx_hal_rcc.o
LOAD ./Drivers/STM32F4xx_HAL_Driver/Src/stm32f4xx_hal_rcc_ex.o
LOAD ./Drivers/STM32F4xx_HAL_Driver/Src/stm32f4xx_hal_tim.o
LOAD ./Drivers/STM32F4xx_HAL_Driver/Src/stm32f4xx_hal_tim_ex.o
LOAD ./Drivers/STM32F4xx_HAL_Driver/Src/stm32f4xx_hal_uart.o
START GROUP
LOAD /opt/st/stm32cubeide_1.11.0/plugins/com.st.stm32cube.ide.mcu.externaltools.gnu-tools-for-stm32.10.3-2021.10.linux64_1.0.100.202210260954/tools/bin/../lib/gcc/arm-none-eabi/10.3.1/../../../../arm-none-eabi/lib/thumb/v7e-m+fp/hard/libc_nano.a
LOAD /opt/st/stm32cubeide_1.11.0/plugins/com.st.stm32cube.ide.mcu.externaltools.gnu-tools-for-stm32.10.3-2021.10.linux64_1.0.100.202210260954/tools/bin/../lib/gcc/arm-none-eabi/10.3.1/../../../../arm-none-eabi/lib/thumb/v7e-m+fp/hard/libm.a
END GROUP
START GROUP
LOAD /opt/st/stm32cubeide_1.11.0/plugins/com.st.stm32cube.ide.mcu.externaltools.gnu-tools-for-stm32.10.3-2021.10.linux64_1.0.100.202210260954/tools/bin/../lib/gcc/arm-none-eabi/10.3.1/thumb/v7e-m+fp/hard/libgcc.a
LOAD /opt/st/stm32cubeide_1.11.0/plugins/com.st.stm32cube.ide.mcu.externaltools.gnu-tools-for-stm32.10.3-2021.10.linux64_1.0.100.202210260954/tools/bin/../lib/gcc/arm-none-eabi/10.3.1/../../../../arm-none-eabi/lib/thumb/v7e-m+fp/hard/libc_nano.a
END GROUP
START GROUP
LOAD /opt/st/stm32cubeide_1.11.0/plugins/com.st.stm32cube.ide.mcu.externaltools.gnu-tools-for-stm32.10.3-2021.10.linux64_1.0.100.202210260954/tools/bin/../lib/gcc/arm-none-eabi/10.3.1/thumb/v7e-m+fp/hard/libgcc.a
LOAD /opt/st/stm32cubeide_1.11.0/plugins/com.st.stm32cube.ide.mcu.externaltools.gnu-tools-for-stm32.10.3-2021.10.linux64_1.0.100.202210260954/tools/bin/../lib/gcc/arm-none-eabi/10.3.1/../../../../arm-none-eabi/lib/thumb/v7e-m+fp/hard/libc_nano.a
LOAD /opt/st/stm32cubeide_1.11.0/plugins/com.st.stm32cube.ide.mcu.externaltools.gnu-tools-for-stm32.10.3-2021.10.linux64_1.0.100.202210260954/tools/bin/../lib/gcc/arm-none-eabi/10.3.1/../../../../arm-none-eabi/lib/thumb/v7e-m+fp/hard/libnosys.a
END GROUP
START GROUP
LOAD /opt/st/stm32cubeide_1.11.0/plugins/com.st.stm32cube.ide.mcu.externaltools.gnu-tools-for-stm32.10.3-2021.10.linux64_1.0.100.202210260954/tools/bin/../lib/gcc/arm-none-eabi/10.3.1/thumb/v7e-m+fp/hard/libgcc.a
LOAD /opt/st/stm32cubeide_1.11.0/plugins/com.st.stm32cube.ide.mcu.externaltools.gnu-tools-for-stm32.10.3-2021.10.linux64_1.0.100.202210260954/tools/bin/../lib/gcc/arm-none-eabi/10.3.1/../../../../arm-none-eabi/lib/thumb/v7e-m+fp/hard/libc_nano.a
LOAD /opt/st/stm32cubeide_1.11.0/plugins/com.st.stm32cube.ide.mcu.externaltools.gnu-tools-for-stm32.10.3-2021.10.linux64_1.0.100.202210260954/tools/bin/../lib/gcc/arm-none-eabi/10.3.1/../../../../arm-none-eabi/lib/thumb/v7e-m+fp/hard/libnosys.a
END GROUP
LOAD /opt/st/stm32cubeide_1.11.0/plugins/com.st.stm32cube.ide.mcu.externaltools.gnu-tools-for-stm32.10.3-2021.10.linux64_1.0.100.202210260954/tools/bin/../lib/gcc/arm-none-eabi/10.3.1/thumb/v7e-m+fp/hard/crtend.o
LOAD /opt/st/stm32cubeide_1.11.0/plugins/com.st.stm32cube.ide.mcu.externaltools.gnu-tools-for-stm32.10.3-2021.10.linux64_1.0.100.202210260954/tools/bin/../lib/gcc/arm-none-eabi/10.3.1/thumb/v7e-m+fp/hard/crtn.o
                0x0000000020020000                _estack = (ORIGIN (RAM) + LENGTH (RAM))
                0x0000000000000200                _Min_Heap_Size = 0x200
                0x0000000000000400                _Min_Stack_Size = 0x400

.isr_vector     0x0000000008000000      0x1c4
                0x0000000008000000                . = ALIGN (0x4)
 *(.isr_vector)
 .isr_vector    0x0000000008000000      0x1c4 ./Core/Startup/startup_stm32f446retx.o
                0x0000000008000000                g_pfnVectors
                0x00000000080001c4                . = ALIGN (0x4)

.text           0x00000000080001c8      0xba4
                0x00000000080001c8                . = ALIGN (0x4)
 *(.text)
 .text          0x00000000080001c8       0x40 /opt/st/stm32cubeide_1.11.0/plugins/com.st.stm32cube.ide.mcu.externaltools.gnu-tools-for-stm32.10.3-2021.10.linux64_1.0.100.202210260954/tools/bin/../lib/gcc/arm-none-eabi/10.3.1/thumb/v7e-m+fp/hard/crtbegin.o
 .text          0x0000000008000208      0x254 /opt/st/stm32cubeide_1.11.0/plugins/com.st.stm32cube.ide.mcu.externaltools.gnu-tools-for-stm32.10.3-2021.10.linux64_1.0.100.202210260954/tools/bin/../lib/gcc/arm-none-eabi/10.3.1/thumb/v7e-m+fp/hard/libgcc.a(_arm_muldf3.o)
                0x0000000008000208                __aeabi_dmul
                0x0000000008000208                __muldf3
 .text          0x000000000800045c      0x378 /opt/st/stm32cubeide_1.11.0/plugins/com.st.stm32cube.ide.mcu.externaltools.gnu-tools-for-stm32.10.3-2021.10.linux64_1.0.100.202210260954/tools/bin/../lib/gcc/arm-none-eabi/10.3.1/thumb/v7e-m+fp/hard/libgcc.a(_arm_addsubdf3.o)
                0x000000000800045c                __aeabi_drsub
                0x0000000008000464                __aeabi_dsub
                0x0000000008000464                __subdf3
                0x0000000008000468                __adddf3
                0x0000000008000468                __aeabi_dadd
                0x00000000080006e0                __aeabi_ui2d
                0x00000000080006e0                __floatunsidf
                0x0000000008000700                __floatsidf
                0x0000000008000700                __aeabi_i2d
                0x0000000008000724                __extendsfdf2
                0x0000000008000724                __aeabi_f2d
                0x0000000008000768                __aeabi_ul2d
                0x0000000008000768                __floatundidf
                0x0000000008000778                __floatdidf
                0x0000000008000778                __aeabi_l2d
 *(.text*)
 .text.adxl_read
                0x00000000080007d4       0x42 ./Core/Src/adxl345.o
                0x00000000080007d4                adxl_read
 .text.adxl_write
                0x0000000008000816       0x3a ./Core/Src/adxl345.o
                0x0000000008000816                adxl_write
 .text.adxl_init
                0x0000000008000850       0x28 ./Core/Src/adxl345.o
                0x0000000008000850                adxl_init
 .text.main     0x0000000008000878       0xdc ./Core/Src/main.o
                0x0000000008000878                main
 .text.spi_gpio_init
                0x0000000008000954      0x114 ./Core/Src/spi.o
                0x0000000008000954                spi_gpio_init
 .text.spi1_config
                0x0000000008000a68       0xb4 ./Core/Src/spi.o
                0x0000000008000a68                spi1_config
 .text.spi1_transmit
                0x0000000008000b1c       0x70 ./Core/Src/spi.o
                0x0000000008000b1c                spi1_transmit
 .text.spi1_receive
                0x0000000008000b8c       0x4c ./Core/Src/spi.o
                0x0000000008000b8c                spi1_receive
 .text.cs_enable
                0x0000000008000bd8       0x20 ./Core/Src/spi.o
                0x0000000008000bd8                cs_enable
 .text.cs_disable
                0x0000000008000bf8       0x20 ./Core/Src/spi.o
                0x0000000008000bf8                cs_disable
 .text.NMI_Handler
                0x0000000008000c18        0x6 ./Core/Src/stm32f4xx_it.o
                0x0000000008000c18                NMI_Handler
 .text.HardFault_Handler
                0x0000000008000c1e        0x6 ./Core/Src/stm32f4xx_it.o
                0x0000000008000c1e                HardFault_Handler
 .text.MemManage_Handler
                0x0000000008000c24        0x6 ./Core/Src/stm32f4xx_it.o
                0x0000000008000c24                MemManage_Handler
 .text.BusFault_Handler
                0x0000000008000c2a        0x6 ./Core/Src/stm32f4xx_it.o
                0x0000000008000c2a                BusFault_Handler
 .text.UsageFault_Handler
                0x0000000008000c30        0x6 ./Core/Src/stm32f4xx_it.o
                0x0000000008000c30                UsageFault_Handler
 .text.SVC_Handler
                0x0000000008000c36        0xe ./Core/Src/stm32f4xx_it.o
                0x0000000008000c36                SVC_Handler
 .text.DebugMon_Handler
                0x0000000008000c44        0xe ./Core/Src/stm32f4xx_it.o
                0x0000000008000c44                DebugMon_Handler
 .text.PendSV_Handler
                0x0000000008000c52        0xe ./Core/Src/stm32f4xx_it.o
                0x0000000008000c52                PendSV_Handler
 .text.SysTick_Handler
                0x0000000008000c60        0xc ./Core/Src/stm32f4xx_it.o
                0x0000000008000c60                SysTick_Handler
 .text.SystemInit
                0x0000000008000c6c       0x24 ./Core/Src/system_stm32f4xx.o
                0x0000000008000c6c                SystemInit
 .text.Reset_Handler
                0x0000000008000c90       0x50 ./Core/Startup/startup_stm32f446retx.o
                0x0000000008000c90                Reset_Handler
 .text.Default_Handler
                0x0000000008000ce0        0x2 ./Core/Startup/startup_stm32f446retx.o
                0x0000000008000ce0                RTC_Alarm_IRQHandler
                0x0000000008000ce0                EXTI2_IRQHandler
                0x0000000008000ce0                TIM8_CC_IRQHandler
                0x0000000008000ce0                FMPI2C1_EV_IRQHandler
                0x0000000008000ce0                SPI4_IRQHandler
                0x0000000008000ce0                TIM1_CC_IRQHandler
                0x0000000008000ce0                DMA2_Stream5_IRQHandler
                0x0000000008000ce0                DMA1_Stream5_IRQHandler
                0x0000000008000ce0                PVD_IRQHandler
                0x0000000008000ce0                SDIO_IRQHandler
                0x0000000008000ce0                TAMP_STAMP_IRQHandler
                0x0000000008000ce0                CAN2_RX1_IRQHandler
                0x0000000008000ce0                EXTI3_IRQHandler
                0x0000000008000ce0                TIM8_TRG_COM_TIM14_IRQHandler
                0x0000000008000ce0                TIM1_UP_TIM10_IRQHandler
                0x0000000008000ce0                TIM8_UP_TIM13_IRQHandler
                0x0000000008000ce0                I2C3_ER_IRQHandler
                0x0000000008000ce0                EXTI0_IRQHandler
                0x0000000008000ce0                I2C2_EV_IRQHandler
                0x0000000008000ce0                DMA1_Stream2_IRQHandler
                0x0000000008000ce0                CAN1_RX0_IRQHandler
                0x0000000008000ce0                FPU_IRQHandler
                0x0000000008000ce0                OTG_HS_WKUP_IRQHandler
                0x0000000008000ce0                CAN2_SCE_IRQHandler
                0x0000000008000ce0                DMA2_Stream2_IRQHandler
                0x0000000008000ce0                SPI1_IRQHandler
                0x0000000008000ce0                TIM6_DAC_IRQHandler
                0x0000000008000ce0                TIM1_BRK_TIM9_IRQHandler
                0x0000000008000ce0                DCMI_IRQHandler
                0x0000000008000ce0                CAN2_RX0_IRQHandler
                0x0000000008000ce0                DMA2_Stream3_IRQHandler
                0x0000000008000ce0                SAI2_IRQHandler
                0x0000000008000ce0                USART6_IRQHandler
                0x0000000008000ce0                USART3_IRQHandler
                0x0000000008000ce0                CAN1_RX1_IRQHandler
                0x0000000008000ce0                UART5_IRQHandler
                0x0000000008000ce0                DMA2_Stream0_IRQHandler
                0x0000000008000ce0                TIM4_IRQHandler
                0x0000000008000ce0                QUADSPI_IRQHandler
                0x0000000008000ce0                I2C1_EV_IRQHandler
                0x0000000008000ce0                DMA1_Stream6_IRQHandler
                0x0000000008000ce0                DMA1_Stream1_IRQHandler
                0x0000000008000ce0                UART4_IRQHandler
                0x0000000008000ce0                TIM3_IRQHandler
                0x0000000008000ce0                RCC_IRQHandler
                0x0000000008000ce0                TIM8_BRK_TIM12_IRQHandler
                0x0000000008000ce0                Default_Handler
                0x0000000008000ce0                CEC_IRQHandler
                0x0000000008000ce0                EXTI15_10_IRQHandler
                0x0000000008000ce0                ADC_IRQHandler
                0x0000000008000ce0                DMA1_Stream7_IRQHandler
                0x0000000008000ce0                TIM7_IRQHandler
                0x0000000008000ce0                CAN2_TX_IRQHandler
                0x0000000008000ce0                TIM5_IRQHandler
                0x0000000008000ce0                DMA2_Stream7_IRQHandler
                0x0000000008000ce0                I2C3_EV_IRQHandler
                0x0000000008000ce0                EXTI9_5_IRQHandler
                0x0000000008000ce0                RTC_WKUP_IRQHandler
                0x0000000008000ce0                SPDIF_RX_IRQHandler
                0x0000000008000ce0                SPI2_IRQHandler
                0x0000000008000ce0                OTG_HS_EP1_IN_IRQHandler
                0x0000000008000ce0                DMA1_Stream0_IRQHandler
                0x0000000008000ce0                CAN1_TX_IRQHandler
                0x0000000008000ce0                FMPI2C1_ER_IRQHandler
                0x0000000008000ce0                EXTI4_IRQHandler
                0x0000000008000ce0                OTG_HS_EP1_OUT_IRQHandler
                0x0000000008000ce0                WWDG_IRQHandler
                0x0000000008000ce0                TIM2_IRQHandler
                0x0000000008000ce0                OTG_FS_WKUP_IRQHandler
                0x0000000008000ce0                TIM1_TRG_COM_TIM11_IRQHandler
                0x0000000008000ce0                OTG_HS_IRQHandler
                0x0000000008000ce0                EXTI1_IRQHandler
                0x0000000008000ce0                USART2_IRQHandler
                0x0000000008000ce0                I2C2_ER_IRQHandler
                0x0000000008000ce0                DMA2_Stream1_IRQHandler
                0x0000000008000ce0                CAN1_SCE_IRQHandler
                0x0000000008000ce0                FLASH_IRQHandler
                0x0000000008000ce0                DMA2_Stream4_IRQHandler
                0x0000000008000ce0                USART1_IRQHandler
                0x0000000008000ce0                OTG_FS_IRQHandler
                0x0000000008000ce0                SPI3_IRQHandler
                0x0000000008000ce0                DMA1_Stream4_IRQHandler
                0x0000000008000ce0                I2C1_ER_IRQHandler
                0x0000000008000ce0                FMC_IRQHandler
                0x0000000008000ce0                DMA2_Stream6_IRQHandler
                0x0000000008000ce0                SAI1_IRQHandler
                0x0000000008000ce0                DMA1_Stream3_IRQHandler
 *fill*         0x0000000008000ce2        0x2 
 .text.HAL_IncTick
                0x0000000008000ce4       0x28 ./Drivers/STM32F4xx_HAL_Driver/Src/stm32f4xx_hal.o
                0x0000000008000ce4                HAL_IncTick
 .text.__libc_init_array
                0x0000000008000d0c       0x48 /opt/st/stm32cubeide_1.11.0/plugins/com.st.stm32cube.ide.mcu.externaltools.gnu-tools-for-stm32.10.3-2021.10.linux64_1.0.100.202210260954/tools/bin/../lib/gcc/arm-none-eabi/10.3.1/../../../../arm-none-eabi/lib/thumb/v7e-m+fp/hard/libc_nano.a(lib_a-init.o)
                0x0000000008000d0c                __libc_init_array
 *(.glue_7)
 .glue_7        0x0000000008000d54        0x0 linker stubs
 *(.glue_7t)
 .glue_7t       0x0000000008000d54        0x0 linker stubs
 *(.eh_frame)
 .eh_frame      0x0000000008000d54        0x0 /opt/st/stm32cubeide_1.11.0/plugins/com.st.stm32cube.ide.mcu.externaltools.gnu-tools-for-stm32.10.3-2021.10.linux64_1.0.100.202210260954/tools/bin/../lib/gcc/arm-none-eabi/10.3.1/thumb/v7e-m+fp/hard/crtbegin.o
 *(.init)
 .init          0x0000000008000d54        0x4 /opt/st/stm32cubeide_1.11.0/plugins/com.st.stm32cube.ide.mcu.externaltools.gnu-tools-for-stm32.10.3-2021.10.linux64_1.0.100.202210260954/tools/bin/../lib/gcc/arm-none-eabi/10.3.1/thumb/v7e-m+fp/hard/crti.o
                0x0000000008000d54                _init
 .init          0x0000000008000d58        0x8 /opt/st/stm32cubeide_1.11.0/plugins/com.st.stm32cube.ide.mcu.externaltools.gnu-tools-for-stm32.10.3-2021.10.linux64_1.0.100.202210260954/tools/bin/../lib/gcc/arm-none-eabi/10.3.1/thumb/v7e-m+fp/hard/crtn.o
 *(.fini)
 .fini          0x0000000008000d60        0x4 /opt/st/stm32cubeide_1.11.0/plugins/com.st.stm32cube.ide.mcu.externaltools.gnu-tools-for-stm32.10.3-2021.10.linux64_1.0.100.202210260954/tools/bin/../lib/gcc/arm-none-eabi/10.3.1/thumb/v7e-m+fp/hard/crti.o
                0x0000000008000d60                _fini
 .fini          0x0000000008000d64        0x8 /opt/st/stm32cubeide_1.11.0/plugins/com.st.stm32cube.ide.mcu.externaltools.gnu-tools-for-stm32.10.3-2021.10.linux64_1.0.100.202210260954/tools/bin/../lib/gcc/arm-none-eabi/10.3.1/thumb/v7e-m+fp/hard/crtn.o
                0x0000000008000d6c                . = ALIGN (0x4)
                0x0000000008000d6c                _etext = .

.vfp11_veneer   0x0000000008000d6c        0x0
 .vfp11_veneer  0x0000000008000d6c        0x0 linker stubs

.v4_bx          0x0000000008000d6c        0x0
 .v4_bx         0x0000000008000d6c        0x0 linker stubs

.iplt           0x0000000008000d6c        0x0
 .iplt          0x0000000008000d6c        0x0 /opt/st/stm32cubeide_1.11.0/plugins/com.st.stm32cube.ide.mcu.externaltools.gnu-tools-for-stm32.10.3-2021.10.linux64_1.0.100.202210260954/tools/bin/../lib/gcc/arm-none-eabi/10.3.1/thumb/v7e-m+fp/hard/crtbegin.o

.rel.dyn        0x0000000008000d6c        0x0
 .rel.iplt      0x0000000008000d6c        0x0 /opt/st/stm32cubeide_1.11.0/plugins/com.st.stm32cube.ide.mcu.externaltools.gnu-tools-for-stm32.10.3-2021.10.linux64_1.0.100.202210260954/tools/bin/../lib/gcc/arm-none-eabi/10.3.1/thumb/v7e-m+fp/hard/crtbegin.o

.rodata         0x0000000008000d6c        0x0
                0x0000000008000d6c                . = ALIGN (0x4)
 *(.rodata)
 *(.rodata*)
                0x0000000008000d6c                . = ALIGN (0x4)

.ARM.extab      0x0000000008000d6c        0x0
                0x0000000008000d6c                . = ALIGN (0x4)
 *(.ARM.extab* .gnu.linkonce.armextab.*)
                0x0000000008000d6c                . = ALIGN (0x4)

.ARM            0x0000000008000d6c        0x0
                0x0000000008000d6c                . = ALIGN (0x4)
                0x0000000008000d6c                __exidx_start = .
 *(.ARM.exidx*)
                0x0000000008000d6c                __exidx_end = .
                0x0000000008000d6c                . = ALIGN (0x4)

.preinit_array  0x0000000008000d6c        0x0
                0x0000000008000d6c                . = ALIGN (0x4)
                0x0000000008000d6c                PROVIDE (__preinit_array_start = .)
 *(.preinit_array*)
                0x0000000008000d6c                PROVIDE (__preinit_array_end = .)
                0x0000000008000d6c                . = ALIGN (0x4)

.init_array     0x0000000008000d6c        0x4
                0x0000000008000d6c                . = ALIGN (0x4)
                0x0000000008000d6c                PROVIDE (__init_array_start = .)
 *(SORT_BY_NAME(.init_array.*))
 *(.init_array*)
 .init_array    0x0000000008000d6c        0x4 /opt/st/stm32cubeide_1.11.0/plugins/com.st.stm32cube.ide.mcu.externaltools.gnu-tools-for-stm32.10.3-2021.10.linux64_1.0.100.202210260954/tools/bin/../lib/gcc/arm-none-eabi/10.3.1/thumb/v7e-m+fp/hard/crtbegin.o
                0x0000000008000d70                PROVIDE (__init_array_end = .)
                0x0000000008000d70                . = ALIGN (0x4)

.fini_array     0x0000000008000d70        0x4
                0x0000000008000d70                . = ALIGN (0x4)
                [!provide]                        PROVIDE (__fini_array_start = .)
 *(SORT_BY_NAME(.fini_array.*))
 *(.fini_array*)
 .fini_array    0x0000000008000d70        0x4 /opt/st/stm32cubeide_1.11.0/plugins/com.st.stm32cube.ide.mcu.externaltools.gnu-tools-for-stm32.10.3-2021.10.linux64_1.0.100.202210260954/tools/bin/../lib/gcc/arm-none-eabi/10.3.1/thumb/v7e-m+fp/hard/crtbegin.o
                [!provide]                        PROVIDE (__fini_array_end = .)
                0x0000000008000d74                . = ALIGN (0x4)
                0x0000000008000d74                _sidata = LOADADDR (.data)

.data           0x0000000020000000        0x4 load address 0x0000000008000d74
                0x0000000020000000                . = ALIGN (0x4)
                0x0000000020000000                _sdata = .
 *(.data)
 *(.data*)
 .data.uwTickFreq
                0x0000000020000000        0x1 ./Drivers/STM32F4xx_HAL_Driver/Src/stm32f4xx_hal.o
                0x0000000020000000                uwTickFreq
 *(.RamFunc)
 *(.RamFunc*)
                0x0000000020000004                . = ALIGN (0x4)
 *fill*         0x0000000020000001        0x3 
                0x0000000020000004                _edata = .

.igot.plt       0x0000000020000004        0x0 load address 0x0000000008000d78
 .igot.plt      0x0000000020000004        0x0 /opt/st/stm32cubeide_1.11.0/plugins/com.st.stm32cube.ide.mcu.externaltools.gnu-tools-for-stm32.10.3-2021.10.linux64_1.0.100.202210260954/tools/bin/../lib/gcc/arm-none-eabi/10.3.1/thumb/v7e-m+fp/hard/crtbegin.o
                0x0000000020000004                . = ALIGN (0x4)

.bss            0x0000000020000008       0x4c load address 0x0000000008000d78
                0x0000000020000008                _sbss = .
                0x0000000020000008                __bss_start__ = _sbss
 *(.bss)
 .bss           0x0000000020000008       0x1c /opt/st/stm32cubeide_1.11.0/plugins/com.st.stm32cube.ide.mcu.externaltools.gnu-tools-for-stm32.10.3-2021.10.linux64_1.0.100.202210260954/tools/bin/../lib/gcc/arm-none-eabi/10.3.1/thumb/v7e-m+fp/hard/crtbegin.o
 *(.bss*)
 .bss.x         0x0000000020000024        0x2 ./Core/Src/main.o
                0x0000000020000024                x
 .bss.y         0x0000000020000026        0x2 ./Core/Src/main.o
                0x0000000020000026                y
 .bss.z         0x0000000020000028        0x2 ./Core/Src/main.o
                0x0000000020000028                z
 *fill*         0x000000002000002a        0x6 
 .bss.xg        0x0000000020000030        0x8 ./Core/Src/main.o
                0x0000000020000030                xg
 .bss.yg        0x0000000020000038        0x8 ./Core/Src/main.o
                0x0000000020000038                yg
 .bss.zg        0x0000000020000040        0x8 ./Core/Src/main.o
                0x0000000020000040                zg
 .bss.data_rec  0x0000000020000048        0x6 ./Core/Src/main.o
                0x0000000020000048                data_rec
 *fill*         0x000000002000004e        0x2 
 .bss.uwTick    0x0000000020000050        0x4 ./Drivers/STM32F4xx_HAL_Driver/Src/stm32f4xx_hal.o
                0x0000000020000050                uwTick
 *(COMMON)
                0x0000000020000054                . = ALIGN (0x4)
                0x0000000020000054                _ebss = .
                0x0000000020000054                __bss_end__ = _ebss

._user_heap_stack
                0x0000000020000054      0x604 load address 0x0000000008000d78
                0x0000000020000058                . = ALIGN (0x8)
 *fill*         0x0000000020000054        0x4 
                [!provide]                        PROVIDE (end = .)
                0x0000000020000058                PROVIDE (_end = .)
                0x0000000020000258                . = (. + _Min_Heap_Size)
 *fill*         0x0000000020000058      0x200 
                0x0000000020000658                . = (. + _Min_Stack_Size)
 *fill*         0x0000000020000258      0x400 
                0x0000000020000658                . = ALIGN (0x8)

/DISCARD/
 libc.a(*)
 libm.a(*)
 libgcc.a(*)

.ARM.attributes
                0x0000000000000000       0x30
 *(.ARM.attributes)
 .ARM.attributes
                0x0000000000000000       0x1e /opt/st/stm32cubeide_1.11.0/plugins/com.st.stm32cube.ide.mcu.externaltools.gnu-tools-for-stm32.10.3-2021.10.linux64_1.0.100.202210260954/tools/bin/../lib/gcc/arm-none-eabi/10.3.1/thumb/v7e-m+fp/hard/crti.o
 .ARM.attributes
                0x000000000000001e       0x34 /opt/st/stm32cubeide_1.11.0/plugins/com.st.stm32cube.ide.mcu.externaltools.gnu-tools-for-stm32.10.3-2021.10.linux64_1.0.100.202210260954/tools/bin/../lib/gcc/arm-none-eabi/10.3.1/thumb/v7e-m+fp/hard/crtbegin.o
 .ARM.attributes
                0x0000000000000052       0x34 ./Core/Src/adxl345.o
 .ARM.attributes
                0x0000000000000086       0x34 ./Core/Src/main.o
 .ARM.attributes
                0x00000000000000ba       0x34 ./Core/Src/spi.o
 .ARM.attributes
                0x00000000000000ee       0x34 ./Core/Src/stm32f4xx_it.o
 .ARM.attributes
                0x0000000000000122       0x34 ./Core/Src/system_stm32f4xx.o
 .ARM.attributes
                0x0000000000000156       0x21 ./Core/Startup/startup_stm32f446retx.o
 .ARM.attributes
                0x0000000000000177       0x34 ./Drivers/STM32F4xx_HAL_Driver/Src/stm32f4xx_hal.o
 .ARM.attributes
                0x00000000000001ab       0x34 /opt/st/stm32cubeide_1.11.0/plugins/com.st.stm32cube.ide.mcu.externaltools.gnu-tools-for-stm32.10.3-2021.10.linux64_1.0.100.202210260954/tools/bin/../lib/gcc/arm-none-eabi/10.3.1/../../../../arm-none-eabi/lib/thumb/v7e-m+fp/hard/libc_nano.a(lib_a-init.o)
 .ARM.attributes
                0x00000000000001df       0x1e /opt/st/stm32cubeide_1.11.0/plugins/com.st.stm32cube.ide.mcu.externaltools.gnu-tools-for-stm32.10.3-2021.10.linux64_1.0.100.202210260954/tools/bin/../lib/gcc/arm-none-eabi/10.3.1/thumb/v7e-m+fp/hard/libgcc.a(_arm_muldf3.o)
 .ARM.attributes
                0x00000000000001fd       0x1e /opt/st/stm32cubeide_1.11.0/plugins/com.st.stm32cube.ide.mcu.externaltools.gnu-tools-for-stm32.10.3-2021.10.linux64_1.0.100.202210260954/tools/bin/../lib/gcc/arm-none-eabi/10.3.1/thumb/v7e-m+fp/hard/libgcc.a(_arm_addsubdf3.o)
 .ARM.attributes
                0x000000000000021b       0x1e /opt/st/stm32cubeide_1.11.0/plugins/com.st.stm32cube.ide.mcu.externaltools.gnu-tools-for-stm32.10.3-2021.10.linux64_1.0.100.202210260954/tools/bin/../lib/gcc/arm-none-eabi/10.3.1/thumb/v7e-m+fp/hard/crtn.o
OUTPUT(SPI_adxl346.elf elf32-littlearm)
LOAD linker stubs
LOAD /opt/st/stm32cubeide_1.11.0/plugins/com.st.stm32cube.ide.mcu.externaltools.gnu-tools-for-stm32.10.3-2021.10.linux64_1.0.100.202210260954/tools/bin/../lib/gcc/arm-none-eabi/10.3.1/../../../../arm-none-eabi/lib/thumb/v7e-m+fp/hard/libc.a
LOAD /opt/st/stm32cubeide_1.11.0/plugins/com.st.stm32cube.ide.mcu.externaltools.gnu-tools-for-stm32.10.3-2021.10.linux64_1.0.100.202210260954/tools/bin/../lib/gcc/arm-none-eabi/10.3.1/../../../../arm-none-eabi/lib/thumb/v7e-m+fp/hard/libm.a
LOAD /opt/st/stm32cubeide_1.11.0/plugins/com.st.stm32cube.ide.mcu.externaltools.gnu-tools-for-stm32.10.3-2021.10.linux64_1.0.100.202210260954/tools/bin/../lib/gcc/arm-none-eabi/10.3.1/thumb/v7e-m+fp/hard/libgcc.a

.debug_info     0x0000000000000000     0x1839
 .debug_info    0x0000000000000000      0x192 ./Core/Src/adxl345.o
 .debug_info    0x0000000000000192      0x175 ./Core/Src/main.o
 .debug_info    0x0000000000000307      0x4c2 ./Core/Src/spi.o
 .debug_info    0x00000000000007c9      0x121 ./Core/Src/stm32f4xx_it.o
 .debug_info    0x00000000000008ea      0x55b ./Core/Src/system_stm32f4xx.o
 .debug_info    0x0000000000000e45       0x22 ./Core/Startup/startup_stm32f446retx.o
 .debug_info    0x0000000000000e67      0x9d2 ./Drivers/STM32F4xx_HAL_Driver/Src/stm32f4xx_hal.o

.debug_abbrev   0x0000000000000000      0x670
 .debug_abbrev  0x0000000000000000       0xf8 ./Core/Src/adxl345.o
 .debug_abbrev  0x00000000000000f8       0xc8 ./Core/Src/main.o
 .debug_abbrev  0x00000000000001c0      0x107 ./Core/Src/spi.o
 .debug_abbrev  0x00000000000002c7       0x74 ./Core/Src/stm32f4xx_it.o
 .debug_abbrev  0x000000000000033b      0x116 ./Core/Src/system_stm32f4xx.o
 .debug_abbrev  0x0000000000000451       0x12 ./Core/Startup/startup_stm32f446retx.o
 .debug_abbrev  0x0000000000000463      0x20d ./Drivers/STM32F4xx_HAL_Driver/Src/stm32f4xx_hal.o

.debug_aranges  0x0000000000000000      0x238
 .debug_aranges
                0x0000000000000000       0x30 ./Core/Src/adxl345.o
 .debug_aranges
                0x0000000000000030       0x20 ./Core/Src/main.o
 .debug_aranges
                0x0000000000000050       0x48 ./Core/Src/spi.o
 .debug_aranges
                0x0000000000000098       0x60 ./Core/Src/stm32f4xx_it.o
 .debug_aranges
                0x00000000000000f8       0x28 ./Core/Src/system_stm32f4xx.o
 .debug_aranges
                0x0000000000000120       0x28 ./Core/Startup/startup_stm32f446retx.o
 .debug_aranges
                0x0000000000000148       0xf0 ./Drivers/STM32F4xx_HAL_Driver/Src/stm32f4xx_hal.o

.debug_ranges   0x0000000000000000      0x1d0
 .debug_ranges  0x0000000000000000       0x20 ./Core/Src/adxl345.o
 .debug_ranges  0x0000000000000020       0x10 ./Core/Src/main.o
 .debug_ranges  0x0000000000000030       0x38 ./Core/Src/spi.o
 .debug_ranges  0x0000000000000068       0x50 ./Core/Src/stm32f4xx_it.o
 .debug_ranges  0x00000000000000b8       0x18 ./Core/Src/system_stm32f4xx.o
 .debug_ranges  0x00000000000000d0       0x20 ./Core/Startup/startup_stm32f446retx.o
 .debug_ranges  0x00000000000000f0       0xe0 ./Drivers/STM32F4xx_HAL_Driver/Src/stm32f4xx_hal.o

.debug_macro    0x0000000000000000    0x2090a
 .debug_macro   0x0000000000000000      0x1df ./Core/Src/adxl345.o
 .debug_macro   0x00000000000001df      0xa78 ./Core/Src/adxl345.o
 .debug_macro   0x0000000000000c57       0x2e ./Core/Src/adxl345.o
 .debug_macro   0x0000000000000c85       0x28 ./Core/Src/adxl345.o
 .debug_macro   0x0000000000000cad       0x22 ./Core/Src/adxl345.o
 .debug_macro   0x0000000000000ccf       0x8e ./Core/Src/adxl345.o
 .debug_macro   0x0000000000000d5d       0x51 ./Core/Src/adxl345.o
 .debug_macro   0x0000000000000dae      0x103 ./Core/Src/adxl345.o
 .debug_macro   0x0000000000000eb1       0x6a ./Core/Src/adxl345.o
 .debug_macro   0x0000000000000f1b      0x1df ./Core/Src/adxl345.o
 .debug_macro   0x00000000000010fa       0x1c ./Core/Src/adxl345.o
 .debug_macro   0x0000000000001116       0x22 ./Core/Src/adxl345.o
 .debug_macro   0x0000000000001138       0xd9 ./Core/Src/adxl345.o
 .debug_macro   0x0000000000001211     0x102d ./Core/Src/adxl345.o
 .debug_macro   0x000000000000223e      0x11f ./Core/Src/adxl345.o
 .debug_macro   0x000000000000235d    0x16749 ./Core/Src/adxl345.o
 .debug_macro   0x0000000000018aa6       0x6d ./Core/Src/adxl345.o
 .debug_macro   0x0000000000018b13      0x295 ./Core/Src/adxl345.o
 .debug_macro   0x0000000000018da8     0x367e ./Core/Src/adxl345.o
 .debug_macro   0x000000000001c426      0x174 ./Core/Src/adxl345.o
 .debug_macro   0x000000000001c59a       0x5c ./Core/Src/adxl345.o
 .debug_macro   0x000000000001c5f6      0xc90 ./Core/Src/adxl345.o
 .debug_macro   0x000000000001d286      0x9fe ./Core/Src/adxl345.o
 .debug_macro   0x000000000001dc84      0x115 ./Core/Src/adxl345.o
 .debug_macro   0x000000000001dd99      0x1a0 ./Core/Src/adxl345.o
 .debug_macro   0x000000000001df39       0xa5 ./Core/Src/adxl345.o
 .debug_macro   0x000000000001dfde      0x16d ./Core/Src/adxl345.o
 .debug_macro   0x000000000001e14b      0x287 ./Core/Src/adxl345.o
 .debug_macro   0x000000000001e3d2       0x5f ./Core/Src/adxl345.o
 .debug_macro   0x000000000001e431      0x236 ./Core/Src/adxl345.o
 .debug_macro   0x000000000001e667      0x132 ./Core/Src/adxl345.o
 .debug_macro   0x000000000001e799      0x29c ./Core/Src/adxl345.o
 .debug_macro   0x000000000001ea35       0x2e ./Core/Src/adxl345.o
 .debug_macro   0x000000000001ea63      0x11a ./Core/Src/adxl345.o
 .debug_macro   0x000000000001eb7d       0xe8 ./Core/Src/adxl345.o
 .debug_macro   0x000000000001ec65       0x89 ./Core/Src/adxl345.o
 .debug_macro   0x000000000001ecee      0x295 ./Core/Src/adxl345.o
 .debug_macro   0x000000000001ef83      0x126 ./Core/Src/adxl345.o
 .debug_macro   0x000000000001f0a9       0x3a ./Core/Src/adxl345.o
 .debug_macro   0x000000000001f0e3      0x335 ./Core/Src/main.o
 .debug_macro   0x000000000001f418       0x4c ./Core/Src/main.o
 .debug_macro   0x000000000001f464       0x1e ./Core/Src/main.o
 .debug_macro   0x000000000001f482       0x94 ./Core/Src/main.o
 .debug_macro   0x000000000001f516       0x3c ./Core/Src/main.o
 .debug_macro   0x000000000001f552       0x34 ./Core/Src/main.o
 .debug_macro   0x000000000001f586       0x16 ./Core/Src/main.o
 .debug_macro   0x000000000001f59c       0x57 ./Core/Src/main.o
 .debug_macro   0x000000000001f5f3       0x97 ./Core/Src/main.o
 .debug_macro   0x000000000001f68a      0x341 ./Core/Src/main.o
 .debug_macro   0x000000000001f9cb       0xfd ./Core/Src/main.o
 .debug_macro   0x000000000001fac8       0x10 ./Core/Src/main.o
 .debug_macro   0x000000000001fad8       0x16 ./Core/Src/main.o
 .debug_macro   0x000000000001faee       0x43 ./Core/Src/main.o
 .debug_macro   0x000000000001fb31       0x34 ./Core/Src/main.o
 .debug_macro   0x000000000001fb65       0x10 ./Core/Src/main.o
 .debug_macro   0x000000000001fb75       0x58 ./Core/Src/main.o
 .debug_macro   0x000000000001fbcd       0x71 ./Core/Src/main.o
 .debug_macro   0x000000000001fc3e       0x1c ./Core/Src/main.o
 .debug_macro   0x000000000001fc5a      0x12a ./Core/Src/main.o
 .debug_macro   0x000000000001fd84       0x10 ./Core/Src/main.o
 .debug_macro   0x000000000001fd94       0x1c ./Core/Src/main.o
 .debug_macro   0x000000000001fdb0       0x52 ./Core/Src/main.o
 .debug_macro   0x000000000001fe02       0x22 ./Core/Src/main.o
 .debug_macro   0x000000000001fe24       0x10 ./Core/Src/main.o
 .debug_macro   0x000000000001fe34       0x52 ./Core/Src/main.o
 .debug_macro   0x000000000001fe86       0xd5 ./Core/Src/main.o
 .debug_macro   0x000000000001ff5b       0x1c ./Core/Src/main.o
 .debug_macro   0x000000000001ff77       0x3d ./Core/Src/main.o
 .debug_macro   0x000000000001ffb4       0x16 ./Core/Src/main.o
 .debug_macro   0x000000000001ffca      0x145 ./Core/Src/main.o
 .debug_macro   0x000000000002010f       0x56 ./Core/Src/main.o
 .debug_macro   0x0000000000020165       0x1c ./Core/Src/main.o
 .debug_macro   0x0000000000020181      0x1e2 ./Core/Src/spi.o
 .debug_macro   0x0000000000020363      0x1d3 ./Core/Src/stm32f4xx_it.o
 .debug_macro   0x0000000000020536      0x1ba ./Core/Src/system_stm32f4xx.o
 .debug_macro   0x00000000000206f0      0x21a ./Drivers/STM32F4xx_HAL_Driver/Src/stm32f4xx_hal.o

.debug_line     0x0000000000000000     0x2f3c
 .debug_line    0x0000000000000000      0x6ae ./Core/Src/adxl345.o
 .debug_line    0x00000000000006ae      0x902 ./Core/Src/main.o
 .debug_line    0x0000000000000fb0      0x78d ./Core/Src/spi.o
 .debug_line    0x000000000000173d      0x731 ./Core/Src/stm32f4xx_it.o
 .debug_line    0x0000000000001e6e      0x6f0 ./Core/Src/system_stm32f4xx.o
 .debug_line    0x000000000000255e       0x88 ./Core/Startup/startup_stm32f446retx.o
 .debug_line    0x00000000000025e6      0x956 ./Drivers/STM32F4xx_HAL_Driver/Src/stm32f4xx_hal.o

.debug_str      0x0000000000000000    0xc6ba2
 .debug_str     0x0000000000000000    0xc1d6d ./Core/Src/adxl345.o
                                      0xc1fff (size before relaxing)
 .debug_str     0x00000000000c1d6d     0x3dc1 ./Core/Src/main.o
                                      0xc5d16 (size before relaxing)
 .debug_str     0x00000000000c5b2e      0x1de ./Core/Src/spi.o
                                      0xc20dc (size before relaxing)
 .debug_str     0x00000000000c5d0c      0x1f9 ./Core/Src/stm32f4xx_it.o
                                      0xc206d (size before relaxing)
 .debug_str     0x00000000000c5f05       0xdb ./Core/Src/system_stm32f4xx.o
                                      0xc2096 (size before relaxing)
 .debug_str     0x00000000000c5fe0       0x36 ./Core/Startup/startup_stm32f446retx.o
                                         0x71 (size before relaxing)
 .debug_str     0x00000000000c6016      0xb8c ./Drivers/STM32F4xx_HAL_Driver/Src/stm32f4xx_hal.o
                                      0xc2c5b (size before relaxing)

.comment        0x0000000000000000       0x50
 .comment       0x0000000000000000       0x50 ./Core/Src/adxl345.o
                                         0x51 (size before relaxing)
 .comment       0x0000000000000050       0x51 ./Core/Src/main.o
 .comment       0x0000000000000050       0x51 ./Core/Src/spi.o
 .comment       0x0000000000000050       0x51 ./Core/Src/stm32f4xx_it.o
 .comment       0x0000000000000050       0x51 ./Core/Src/system_stm32f4xx.o
 .comment       0x0000000000000050       0x51 ./Drivers/STM32F4xx_HAL_Driver/Src/stm32f4xx_hal.o

.debug_frame    0x0000000000000000      0x758
 .debug_frame   0x0000000000000000       0x74 ./Core/Src/adxl345.o
 .debug_frame   0x0000000000000074       0x2c ./Core/Src/main.o
 .debug_frame   0x00000000000000a0       0xe0 ./Core/Src/spi.o
 .debug_frame   0x0000000000000180      0x104 ./Core/Src/stm32f4xx_it.o
 .debug_frame   0x0000000000000284       0x58 ./Core/Src/system_stm32f4xx.o
 .debug_frame   0x00000000000002dc      0x374 ./Drivers/STM32F4xx_HAL_Driver/Src/stm32f4xx_hal.o
 .debug_frame   0x0000000000000650       0x2c /opt/st/stm32cubeide_1.11.0/plugins/com.st.stm32cube.ide.mcu.externaltools.gnu-tools-for-stm32.10.3-2021.10.linux64_1.0.100.202210260954/tools/bin/../lib/gcc/arm-none-eabi/10.3.1/../../../../arm-none-eabi/lib/thumb/v7e-m+fp/hard/libc_nano.a(lib_a-init.o)
 .debug_frame   0x000000000000067c       0x30 /opt/st/stm32cubeide_1.11.0/plugins/com.st.stm32cube.ide.mcu.externaltools.gnu-tools-for-stm32.10.3-2021.10.linux64_1.0.100.202210260954/tools/bin/../lib/gcc/arm-none-eabi/10.3.1/thumb/v7e-m+fp/hard/libgcc.a(_arm_muldf3.o)
 .debug_frame   0x00000000000006ac       0xac /opt/st/stm32cubeide_1.11.0/plugins/com.st.stm32cube.ide.mcu.externaltools.gnu-tools-for-stm32.10.3-2021.10.linux64_1.0.100.202210260954/tools/bin/../lib/gcc/arm-none-eabi/10.3.1/thumb/v7e-m+fp/hard/libgcc.a(_arm_addsubdf3.o)
