../Drivers/CMSIS/Include/core_cm4.h:2064:26:ITM_SendChar	16	static,ignoring_inline_asm
../Core/Src/main.c:68:5:main	8	static
../Core/Src/main.c:235:6:sendCommand	16	static
../Core/Src/main.c:240:6:processResponse	16	static
../Core/Src/main.c:321:5:validateResponse	16	static
../Core/Src/main.c:327:6:HAL_UART_RxCpltCallback	16	static
../Core/Src/main.c:343:5:_write	32	static
../Core/Src/main.c:358:6:SystemClock_Config	88	static
../Core/Src/main.c:399:13:MX_USART1_UART_Init	8	static
../Core/Src/main.c:420:13:MX_USART2_UART_Init	8	static
../Core/Src/main.c:441:13:MX_GPIO_Init	48	static
../Core/Src/main.c:468:6:Error_Handler	4	static,ignoring_inline_asm
