../Drivers/CMSIS/Include/core_cm4.h:2064:26:ITM_SendChar	16	static,ignoring_inline_asm
../Core/Src/main.c:68:5:main	8	static
../Core/Src/main.c:235:6:sendCommand	16	static
../Core/Src/main.c:239:6:processResponse	16	static
../Core/Src/main.c:319:5:validateResponse	16	static
../Core/Src/main.c:324:6:HAL_UART_RxCpltCallback	16	static
../Core/Src/main.c:339:5:_write	32	static
../Core/Src/main.c:352:6:SystemClock_Config	88	static
../Core/Src/main.c:390:13:MX_USART1_UART_Init	8	static
../Core/Src/main.c:409:13:MX_USART2_UART_Init	8	static
../Core/Src/main.c:428:13:MX_GPIO_Init	48	static
../Core/Src/main.c:454:6:Error_Handler	4	static,ignoring_inline_asm
