../Core/Src/main.c:65:5:main	8	static
../Core/Src/main.c:109:6:LCD_String	24	static
../Core/Src/main.c:117:6:LCD_Init	8	static
../Core/Src/main.c:132:6:PORTS_Init	40	static
../Core/Src/main.c:155:6:LCD_Command	16	static
../Core/Src/main.c:169:6:LCD_Data	16	static
../Core/Src/main.c:183:6:delayMs	16	static
../Core/Src/main.c:191:6:SystemClock_Config	88	static
../Core/Src/main.c:239:13:MX_USART2_UART_Init	8	static
../Core/Src/main.c:272:13:MX_GPIO_Init	48	static
../Core/Src/main.c:335:6:Error_Handler	4	static,ignoring_inline_asm
