../Drivers/CMSIS/Include/core_cm4.h:2064:26:ITM_SendChar	16	static,ignoring_inline_asm
../Core/Src/main.c:70:5:main	24	static
../Core/Src/main.c:145:7:ieee754_to_float	40	static
../Core/Src/main.c:162:6:Print_Raw_Data	24	static
../Core/Src/main.c:177:5:_write	32	static
../Core/Src/main.c:192:6:SystemClock_Config	88	static
../Core/Src/main.c:240:13:MX_USART1_UART_Init	8	static
../Core/Src/main.c:273:13:MX_USART2_UART_Init	8	static
../Core/Src/main.c:306:13:MX_GPIO_Init	48	static
../Core/Src/main.c:342:6:Error_Handler	4	static,ignoring_inline_asm
