../Core/Src/main.c:82:5:main	8	static
../Core/Src/main.c:127:6:lcd_send_cmd	32	static
../Core/Src/main.c:140:6:lcd_send_data	32	static
../Core/Src/main.c:153:6:lcd_init	8	static
../Core/Src/main.c:182:6:lcd_clear	8	static
../Core/Src/main.c:188:6:lcd_send_string	16	static
../Core/Src/main.c:193:6:set_time	32	static
../Core/Src/main.c:217:6:get_time	40	static
../Core/Src/main.c:231:6:display_time	8	static
../Core/Src/main.c:243:6:SystemClock_Config	88	static
../Core/Src/main.c:293:13:MX_I2C1_Init	8	static
../Core/Src/main.c:327:13:MX_RTC_Init	32	static
../Core/Src/main.c:390:13:MX_GPIO_Init	48	static
../Core/Src/main.c:420:6:Error_Handler	4	static,ignoring_inline_asm
