../Drivers/CMSIS/Include/core_cm4.h:2064:26:ITM_SendChar	16	static,ignoring_inline_asm
../Core/Src/main.c:110:5:main	8	static
../Core/Src/main.c:162:6:check_BE33_connection	8	static
../Core/Src/main.c:318:6:sendCommand	16	static
../Core/Src/main.c:322:6:processResponse	16	static
../Core/Src/main.c:399:6:EnergyMeterValue	144	static
../Core/Src/main.c:444:5:validateResponse	16	static
../Core/Src/main.c:449:6:HAL_UART_RxCpltCallback	16	static
../Core/Src/main.c:467:7:ReadModbusParameter	56	static
../Core/Src/main.c:502:7:ieee754_to_float	40	static
../Core/Src/main.c:520:5:_write	32	static
../Core/Src/main.c:533:6:SystemClock_Config	88	static
../Core/Src/main.c:581:13:MX_USART1_UART_Init	8	static
../Core/Src/main.c:614:13:MX_USART2_UART_Init	8	static
../Core/Src/main.c:647:13:MX_USART3_UART_Init	8	static
../Core/Src/main.c:680:13:MX_GPIO_Init	48	static
../Core/Src/main.c:716:6:Error_Handler	4	static,ignoring_inline_asm
