../Core/Src/main.c:85:5:main	104	static
../Core/Src/main.c:137:6:MFRC522_Init	16	static
../Core/Src/main.c:157:6:MFRC522_Reset	16	static
../Core/Src/main.c:171:9:MFRC522_Check	24	static
../Core/Src/main.c:181:9:MFRC522_Request	32	static
../Core/Src/main.c:196:9:MFRC522_ToCard	32	static
../Core/Src/main.c:239:6:MFRC522_Anticoll	32	static
../Core/Src/main.c:266:6:SystemClock_Config	88	static
../Core/Src/main.c:314:13:MX_SPI2_Init	8	static
../Core/Src/main.c:352:13:MX_USART2_UART_Init	8	static
../Core/Src/main.c:385:13:MX_GPIO_Init	48	static
../Core/Src/main.c:421:6:Error_Handler	4	static,ignoring_inline_asm
