../Drivers/CMSIS/Include/core_cm4.h:2064:26:ITM_SendChar	16	static,ignoring_inline_asm
../Core/Src/main.c:66:5:main	8	static
../Core/Src/main.c:107:6:checkBLEModule	8	static
../Core/Src/main.c:126:6:sendCommand	16	static
../Core/Src/main.c:130:6:receiveResponse	112	static
../Core/Src/main.c:138:5:_write	32	static
../Core/Src/main.c:153:6:SystemClock_Config	88	static
../Core/Src/main.c:201:13:MX_USART2_UART_Init	8	static
../Core/Src/main.c:234:13:MX_GPIO_Init	48	static
../Core/Src/main.c:270:6:Error_Handler	4	static,ignoring_inline_asm
