../Drivers/CMSIS/Include/core_cm4.h:2064:26:ITM_SendChar	16	static,ignoring_inline_asm
../Core/Src/main.c:66:5:_write	32	static
../Core/Src/main.c:83:5:main	8	static
../Core/Src/main.c:127:6:SystemClock_Config	88	static
../Core/Src/main.c:175:13:MX_USART2_UART_Init	8	static
../Core/Src/main.c:208:13:MX_GPIO_Init	48	static
../Core/Src/main.c:270:6:scan_keypad	24	static
../Core/Src/main.c:312:6:display_number	24	static
../Core/Src/main.c:413:6:HAL_GPIO_EXTI_Callback	16	static
../Core/Src/main.c:426:6:Error_Handler	4	static,ignoring_inline_asm
